*****************************************************************
      SolidWorks 公司 - IGES 处理器状态报告
*****************************************************************
=================================================================
总信息
=================================================================
发送系统产品 I.D.  : U梁支架.SLDPRT
接收系统产品 I.D.  : U梁支架.SLDPRT
文件名称                    : E:\Solidworks_Project\支架配套资料\单轴支架\U梁2.0\U梁支架.IGS
发送系统              : SolidWorks 2010
预处理器版本         : SolidWorks 2010
文件生成日期          : 170620.152955
模型生成日期         : 170620.152955
单位                        : MM
模型空间比例            : 1
作者                       : Administrator
组织                 : 


=================================================================
实体处理信息
=================================================================


=================================================================
IGES 文件的精度分析：
=================================================================
  有效位数的最普遍的数:               2
  有效位数的最大数:                     11
  有效位数的平均数:                4.90185
  与原点的最大距离:                          1744.92
  与原点的最小距离:                                0
  有效位数的有效数:                   11


=================================================================
实体概要
=================================================================
-----------------------------------------------------------------
类型名称                                         记数转换
---- ----                                         ----- ---------
100  Arc                                            504       504
102  Composite curve                                492       492
110  Line                                           536       536
120  Surface of revolution                          122       122
124  Transformation matrix                          486       486
126  Rational B-spline curve                        828       828
128  Rational B-spline surface                       26        26
142  Curve on a parametric surface                  246       246
144  Trimmed parametric surface                     148       148
314  Color definition                                 1         1
_________________________________________________________________


=================================================================
结果概要
=================================================================
SolidWorks 特征类型                记数
-----------------------                -----
实体特征                       1
曲面特征                     0
曲线/草图特征                0
--------------------------------------------
开始时间: 星期四, 七月 09, 2026 22:58:18
结束时间: 星期四, 七月 09, 2026 22:58:38
处理时间: 0 days, 00 hours, 00 mins, 20 secs
